// Vitest Snapshot v1, https://vitest.dev/guide/snapshot.html

exports[`Deterministic Narrative Writer v1 > snapshots titles and short excerpts for five calculated fixtures 1`] = `
[
  {
    "chapters": [
      {
        "chapter": 1,
        "excerpt": [
          "겉의 방식과 내부의 받침을 함께 살피는 관점이 먼저 눈에 들어와요.",
          "겉으로 드러난 요구와 내부의 받침이 어긋날 여지도 있어요.",
        ],
        "title": "겉의 방식과 내부의 받침, 왜 자꾸 되돌아볼까요",
      },
      {
        "chapter": 2,
        "excerpt": [
          "먼저 다듬어진 금속 이미지를 떠올려 볼게요. 이 이미지는 이야기의 바탕 그림으로만 두어요.",
          "준비와 분석을 깊게 가져가는 방식이 한 가지 작동 방식으로 읽힐 수 있어요.",
        ],
        "title": "준비와 분석을 함께 놓고 보면",
      },
      {
        "chapter": 3,
        "excerpt": [
          "사람들과 함께 움직이는 상황에서도 준비와 분석을 깊게 가져가는 방식을 참고할 수 있어요. 이 말로 타인의 평가나 행동을 단정하지는 않아요.",
        ],
        "title": "사람들 사이에서 살펴볼 지점",
      },
      {
        "chapter": 4,
        "excerpt": [
          "겉의 방식과 내부의 받침을 함께 살피는 관점이 한 가지 작동 방식으로 읽힐 수 있어요.",
          "겉으로 드러난 요구와 내부의 받침이 어긋날 여지도 있어요.",
        ],
        "title": "겉으로 드러난 것과 내부의 받침",
      },
      {
        "chapter": 5,
        "excerpt": [
          "겉의 방식과 내부의 받침을 함께 살피는 관점을 가까운 관계를 생각할 때도 참고할 수 있어요. 관계 방식이나 상대의 반응을 단정하지는 않아요.",
        ],
        "title": "가까운 관계를 이야기할 때",
      },
      {
        "chapter": 6,
        "excerpt": [
          "일이나 협업의 맥락에서는 준비와 분석을 깊게 가져가는 방식을 살펴볼 수 있어요.",
          "준비가 길어지는 쪽으로도 기울 수 있어요.",
        ],
        "title": "일에서 드러나는 준비와 분석",
      },
      {
        "chapter": 7,
        "excerpt": [
          "앞서 본 성향을 잘 사용하면 겉의 방식과 내부의 받침을 함께 살피는 관점이 장점으로 작동할 수 있어요.",
          "준비와 분석을 깊게 가져가는 방식도 긍정적으로 쓰일 수 있어요.",
        ],
        "title": "겉의 방식과 내부의 받침, 잘 사용할 때의 장점",
      },
      {
        "chapter": 8,
        "excerpt": [
          "준비가 길어지는 쪽으로도 기울 수 있어요. 이 지점이 같은 문제로 되풀이되는지는 단정하지 않을게요.",
        ],
        "title": "여러 방향을 함께 놓고 보면",
      },
      {
        "chapter": 9,
        "excerpt": [
          "직전 대운에서는 현재 대운에 비해 준비와 분석의 방향이 상대적으로 강조된 흐름으로 읽혀요.",
          "이 구조적 차이로 그 시기의 실제 일을 단정할 수는 없어요.",
        ],
        "title": "지나온 흐름에 놓였던 준비와 분석",
      },
      {
        "chapter": 10,
        "excerpt": [
          "현재 선택된 대운에서는 책임과 구조의 방향이 강조될 수 있어요.",
          "2026년을 대상으로 한 세운에서는 책임과 구조의 방향이 강조될 수 있어요.",
        ],
        "title": "2026년에 함께 살필 책임과 구조",
      },
      {
        "chapter": 11,
        "excerpt": [
          "다음 대운에서는 현재보다 준비와 분석의 방향이 새로 강조될 수 있어요.",
          "이 방향만으로 앞으로의 일을 단정할 수는 없어요.",
        ],
        "title": "다음 흐름에서 달라지는 준비와 분석",
      },
      {
        "chapter": 12,
        "excerpt": [
          "처음에 놓았던 다듬어진 금속 이미지를 다시 떠올려 볼 수 있어요.",
          "현재 대운에서 살핀 책임과 구조의 강조를 다시 놓아 볼 수 있어요.",
        ],
        "title": "다시 놓고 보는 책임과 구조",
      },
    ],
    "input": "1988-09-13 13:04",
  },
  {
    "chapters": [
      {
        "chapter": 1,
        "excerpt": [
          "표현을 결과물로 옮기는 방향이 먼저 눈에 들어와요.",
          "준비와 분석을 깊게 가져가는 방식도 함께 살펴볼 수 있어요.",
        ],
        "title": "드러나는 표현, 왜 자꾸 되돌아볼까요",
      },
      {
        "chapter": 2,
        "excerpt": [
          "먼저 다듬기 전의 금속 이미지를 떠올려 볼게요. 이 이미지는 이야기의 바탕 그림으로만 두어요.",
          "준비와 분석을 깊게 가져가는 방식이 한 가지 작동 방식으로 읽힐 수 있어요.",
        ],
        "title": "준비와 분석을 함께 놓고 보면",
      },
      {
        "chapter": 3,
        "excerpt": [
          "표현을 결과물로 옮기는 방향이 밖으로 드러나는 방식으로 읽힐 수 있어요.",
          "표현의 방향이 여러 갈래로 흩어질 수도 있어요.",
        ],
        "title": "표현이 밖으로 드러나는 방식",
      },
      {
        "chapter": 4,
        "excerpt": [
          "자기 기준으로 선택을 살필 때 준비와 분석을 깊게 가져가는 방식을 고려할 수 있어요.",
          "준비가 길어지는 쪽으로도 기울 수 있어요.",
        ],
        "title": "내 기준으로 다시 보는 준비와 분석",
      },
      {
        "chapter": 5,
        "excerpt": [
          "표현을 결과물로 옮기는 방향을 가까운 관계를 생각할 때도 참고할 수 있어요. 관계 방식이나 상대의 반응을 단정하지는 않아요.",
        ],
        "title": "가까운 관계를 이야기할 때",
      },
      {
        "chapter": 6,
        "excerpt": [
          "일이나 협업의 맥락에서는 준비와 분석을 깊게 가져가는 방식을 살펴볼 수 있어요.",
          "준비가 길어지는 쪽으로도 기울 수 있어요.",
        ],
        "title": "일에서 드러나는 준비와 분석",
      },
      {
        "chapter": 7,
        "excerpt": [
          "앞서 본 성향을 잘 사용하면 표현을 결과물로 옮기는 방향이 장점으로 작동할 수 있어요.",
          "준비와 분석을 깊게 가져가는 방식도 긍정적으로 쓰일 수 있어요.",
        ],
        "title": "드러나는 표현, 잘 사용할 때의 장점",
      },
      {
        "chapter": 8,
        "excerpt": [
          "표현의 방향이 여러 갈래로 흩어질 수도 있어요. 이 지점이 같은 문제로 되풀이되는지는 단정하지 않을게요.",
        ],
        "title": "여러 방향을 함께 놓고 보면",
      },
      {
        "chapter": 9,
        "excerpt": [
          "다듬기 전의 금속 이미지를 앞뒤 이야기의 연결점으로만 두어요. 그 시기의 구체적인 일은 이 자료만으로 단정하지 않을게요.",
        ],
        "title": "지나온 시간을 말할 때",
      },
      {
        "chapter": 10,
        "excerpt": [
          "현재 선택된 대운에서는 준비와 분석의 방향이 강조될 수 있어요.",
          "현재 선택된 대운에서는 독립과 조율의 방향이 강조될 수 있어요.",
        ],
        "title": "2026년에 함께 살필 준비와 분석",
      },
      {
        "chapter": 11,
        "excerpt": [
          "다음 대운에서는 현재보다 책임과 구조의 방향이 새로 강조될 수 있어요.",
          "이 방향만으로 앞으로의 일을 단정할 수는 없어요.",
        ],
        "title": "다음 흐름에서 달라지는 책임과 구조",
      },
      {
        "chapter": 12,
        "excerpt": [
          "처음에 놓았던 다듬기 전의 금속 이미지를 다시 떠올려 볼 수 있어요.",
          "현재 대운에서 살핀 준비와 분석의 강조를 다시 놓아 볼 수 있어요.",
        ],
        "title": "다시 놓고 보는 준비와 분석",
      },
    ],
    "input": "1973-01-24 13:04",
  },
  {
    "chapters": [
      {
        "chapter": 1,
        "excerpt": [
          "자원을 고르는 기준을 세우는 방식이 먼저 눈에 들어와요.",
          "맡은 역할과 기준을 정리하는 방식도 함께 살펴볼 수 있어요.",
        ],
        "title": "자원 선택과 현실화, 왜 자꾸 되돌아볼까요",
      },
      {
        "chapter": 2,
        "excerpt": [
          "먼저 가꾸는 흙 이미지를 떠올려 볼게요. 이 이미지는 이야기의 바탕 그림으로만 두어요.",
          "그 이미지의 주변에는 요구되는 방향이 겹친 구조가 함께 놓여 있어요.",
        ],
        "title": "자원 선택과 현실화을 함께 놓고 보면",
      },
      {
        "chapter": 3,
        "excerpt": [
          "다른 사람과 함께 움직이는 상황에서는 맡은 역할과 기준을 정리하는 방식을 하나의 관점으로 살펴볼 수 있어요.",
          "역할의 기준이 지나치게 굳어질 수도 있어요.",
        ],
        "title": "사람들 사이에서 살펴볼 책임과 구조",
      },
      {
        "chapter": 4,
        "excerpt": [
          "자기 기준으로 선택을 살필 때 자원을 고르는 기준을 세우는 방식을 고려할 수 있어요.",
          "자원을 어디에 둘지 우선순위가 겹칠 수 있어요.",
        ],
        "title": "내 기준으로 다시 보는 자원 선택과 현실화",
      },
      {
        "chapter": 5,
        "excerpt": [
          "가까운 관계에서는 맡은 역할과 기준을 정리하는 방식을 살펴볼 수 있어요.",
          "역할의 기준이 지나치게 굳어질 수도 있어요.",
        ],
        "title": "가까운 관계에서 고려할 책임과 구조",
      },
      {
        "chapter": 6,
        "excerpt": [
          "일이나 협업의 맥락에서는 자원을 고르는 기준을 세우는 방식을 살펴볼 수 있어요.",
          "그 안에서 맡은 역할과 기준을 정리하는 방식도 함께 볼 수 있어요.",
        ],
        "title": "일에서 드러나는 자원 선택과 현실화",
      },
      {
        "chapter": 7,
        "excerpt": [
          "앞서 본 성향을 잘 사용하면 자원을 고르는 기준을 세우는 방식이 장점으로 작동할 수 있어요.",
          "맡은 역할과 기준을 정리하는 방식도 긍정적으로 쓰일 수 있어요.",
        ],
        "title": "자원 선택과 현실화, 잘 사용할 때의 장점",
      },
      {
        "chapter": 8,
        "excerpt": [
          "자원을 어디에 둘지 우선순위가 겹칠 수 있어요. 이 지점이 같은 문제로 되풀이되는지는 단정하지 않을게요.",
        ],
        "title": "여러 방향을 함께 놓고 보면",
      },
      {
        "chapter": 9,
        "excerpt": [
          "직전 대운에서는 현재 대운에 비해 독립과 조율의 방향이 상대적으로 강조된 흐름으로 읽혀요.",
          "이 구조적 차이로 그 시기의 실제 일을 단정할 수는 없어요.",
        ],
        "title": "지나온 흐름에 놓였던 독립과 조율",
      },
      {
        "chapter": 10,
        "excerpt": [
          "현재 선택된 대운에서는 책임과 구조의 방향이 강조될 수 있어요.",
          "현재 선택된 대운에서는 준비와 분석의 방향이 강조될 수 있어요.",
        ],
        "title": "2026년에 함께 살필 책임과 구조",
      },
      {
        "chapter": 11,
        "excerpt": [
          "다음 대운에서는 책임과 구조의 방향이 현재보다 상대적으로 잦아들 수 있어요.",
          "이 방향만으로 앞으로의 일을 단정할 수는 없어요.",
        ],
        "title": "다음 흐름에서 달라지는 책임과 구조",
      },
      {
        "chapter": 12,
        "excerpt": [
          "처음에 놓았던 가꾸는 흙 이미지를 다시 떠올려 볼 수 있어요.",
          "현재 대운에서 살핀 책임과 구조의 강조를 다시 놓아 볼 수 있어요.",
        ],
        "title": "다시 놓고 보는 책임과 구조",
      },
    ],
    "input": "1992-02-13 21:30",
  },
  {
    "chapters": [
      {
        "chapter": 1,
        "excerpt": [
          "서로 다른 두 방향을 함께 조율하는 방식이 먼저 눈에 들어와요.",
          "두 방향의 우선순위가 부딪힐 여지도 있어요.",
        ],
        "title": "자기 기준과 맡은 역할, 왜 자꾸 되돌아볼까요",
      },
      {
        "chapter": 2,
        "excerpt": [
          "먼저 내리는 빗물 이미지를 떠올려 볼게요. 이 이미지는 이야기의 바탕 그림으로만 두어요.",
          "서로 다른 두 방향을 함께 조율하는 방식이 한 가지 작동 방식으로 읽힐 수 있어요.",
        ],
        "title": "자기 기준과 맡은 역할을 함께 놓고 보면",
      },
      {
        "chapter": 3,
        "excerpt": [
          "다른 사람과 함께 움직이는 상황에서는 맡은 역할과 기준을 정리하는 방식을 하나의 관점으로 살펴볼 수 있어요.",
          "역할의 기준이 지나치게 굳어질 수도 있어요.",
        ],
        "title": "사람들 사이에서 살펴볼 책임과 구조",
      },
      {
        "chapter": 4,
        "excerpt": [
          "자기 기준으로 선택을 살필 때 자기 기준을 세우면서도 함께 맞추는 방향을 고려할 수 있어요.",
          "자기 기준과 다른 사람의 기준이 맞물릴 때에는 선택의 우선순위가 엇갈릴 수 있어요.",
        ],
        "title": "내 기준으로 다시 보는 자기 기준과 조율",
      },
      {
        "chapter": 5,
        "excerpt": [
          "가까운 관계에서는 자기 기준을 세우면서도 함께 맞추는 방향을 살펴볼 수 있어요.",
          "자기 기준과 다른 사람의 기준이 맞물릴 때에는 선택의 우선순위가 엇갈릴 수 있어요.",
        ],
        "title": "가까운 관계에서 고려할 자기 기준과 조율",
      },
      {
        "chapter": 6,
        "excerpt": [
          "일이나 협업의 맥락에서는 자기 기준을 세우면서도 함께 맞추는 방향을 살펴볼 수 있어요.",
          "그 안에서 맡은 역할과 기준을 정리하는 방식도 함께 볼 수 있어요.",
        ],
        "title": "일에서 드러나는 자기 기준과 조율",
      },
      {
        "chapter": 7,
        "excerpt": [
          "앞서 본 성향을 잘 사용하면 서로 다른 두 방향을 함께 조율하는 방식이 장점으로 작동할 수 있어요.",
          "자기 기준을 세우면서도 함께 맞추는 방향도 긍정적으로 쓰일 수 있어요.",
        ],
        "title": "자기 기준과 맡은 역할, 잘 사용할 때의 장점",
      },
      {
        "chapter": 8,
        "excerpt": [
          "두 방향이 함께 작동할 때 서로 다른 두 방향을 함께 조율하는 방식을 살펴볼 수 있어요.",
          "두 방향의 우선순위가 부딪힐 여지도 있어요.",
        ],
        "title": "자기 기준과 맡은 역할이 함께 작동할 때",
      },
      {
        "chapter": 9,
        "excerpt": [
          "직전 대운에서는 현재 대운에 비해 자원과 선택의 방향이 상대적으로 강조된 흐름으로 읽혀요.",
          "이 구조적 차이로 그 시기의 실제 일을 단정할 수는 없어요.",
        ],
        "title": "지나온 흐름에 놓였던 자원과 선택",
      },
      {
        "chapter": 10,
        "excerpt": [
          "현재 선택된 대운에서는 책임과 구조의 방향이 강조될 수 있어요.",
          "2026년을 대상으로 한 세운에서는 자원과 선택의 방향이 강조될 수 있어요.",
        ],
        "title": "2026년에 함께 살필 책임과 구조",
      },
      {
        "chapter": 11,
        "excerpt": [
          "다음 대운에서는 현재보다 자원과 선택의 방향이 새로 강조될 수 있어요.",
          "이 방향만으로 앞으로의 일을 단정할 수는 없어요.",
        ],
        "title": "다음 흐름에서 달라지는 자원과 선택",
      },
      {
        "chapter": 12,
        "excerpt": [
          "처음에 놓았던 내리는 빗물 이미지를 다시 떠올려 볼 수 있어요.",
          "앞에서 살핀 서로 다른 두 방향을 함께 조율하는 방식을 다시 떠올릴 수 있어요.",
        ],
        "title": "다시 놓고 보는 자기 기준과 맡은 역할",
      },
    ],
    "input": "1973-11-13 13:04",
  },
  {
    "chapters": [
      {
        "chapter": 1,
        "excerpt": [
          "되풀이되는 조율 지점을 살펴보는 방향이 먼저 눈에 들어와요.",
          "서로의 방식을 조율하는 방향도 함께 살펴볼 수 있어요.",
        ],
        "title": "반복되는 조율, 왜 자꾸 되돌아볼까요",
      },
      {
        "chapter": 2,
        "excerpt": [
          "먼저 작은 등불 이미지를 떠올려 볼게요. 이 이미지는 이야기의 바탕 그림으로만 두어요.",
          "그 이미지의 주변에는 요구되는 방향이 겹친 구조가 함께 놓여 있어요.",
        ],
        "title": "자기 기준과 조율을 함께 놓고 보면",
      },
      {
        "chapter": 3,
        "excerpt": [
          "다른 사람과 함께 움직이는 상황에서는 표현을 결과물로 옮기는 방향을 하나의 관점으로 살펴볼 수 있어요.",
          "표현의 방향이 여러 갈래로 흩어질 수도 있어요.",
        ],
        "title": "사람들 사이에서 살펴볼 표현과 생산",
      },
      {
        "chapter": 4,
        "excerpt": [
          "자기 기준으로 선택을 살필 때 자기 기준을 세우면서도 함께 맞추는 방향을 고려할 수 있어요.",
          "자기 기준과 다른 사람의 기준이 맞물릴 때에는 선택의 우선순위가 엇갈릴 수 있어요.",
        ],
        "title": "내 기준으로 다시 보는 자기 기준과 조율",
      },
      {
        "chapter": 5,
        "excerpt": [
          "가까운 관계에서는 서로의 방식을 조율하는 방향을 살펴볼 수 있어요.",
          "서로의 방식을 맞추는 과정에서 마찰이 생길 여지도 있어요.",
        ],
        "title": "관계 속 표현, 가까운 사이의 조율",
      },
      {
        "chapter": 6,
        "excerpt": [
          "일이나 협업의 맥락에서는 자기 기준을 세우면서도 함께 맞추는 방향을 살펴볼 수 있어요.",
          "그 안에서 표현을 결과물로 옮기는 방향도 함께 볼 수 있어요.",
        ],
        "title": "일에서 드러나는 자기 기준과 조율",
      },
      {
        "chapter": 7,
        "excerpt": [
          "앞서 본 성향을 잘 사용하면 서로의 방식을 조율하는 방향이 장점으로 작동할 수 있어요.",
          "자기 기준을 세우면서도 함께 맞추는 방향도 긍정적으로 쓰일 수 있어요.",
        ],
        "title": "관계 속 표현, 잘 사용할 때의 장점",
      },
      {
        "chapter": 8,
        "excerpt": [
          "되풀이되는 조율 지점을 살펴보는 방향이 한 가지 작동 방식으로 읽힐 수 있어요.",
          "같은 조율 지점이 부담으로 느껴질 여지도 있어요.",
        ],
        "title": "반복되는 조율을 돌아보면",
      },
      {
        "chapter": 9,
        "excerpt": [
          "작은 등불 이미지를 앞뒤 이야기의 연결점으로만 두어요. 그 시기의 구체적인 일은 이 자료만으로 단정하지 않을게요.",
        ],
        "title": "지나온 시간을 말할 때",
      },
      {
        "chapter": 10,
        "excerpt": [
          "현재 선택된 대운에서는 표현과 생산의 방향이 강조될 수 있어요.",
          "현재 선택된 대운에서는 독립과 조율의 방향이 강조될 수 있어요.",
        ],
        "title": "2026년에 함께 살필 표현과 생산",
      },
      {
        "chapter": 11,
        "excerpt": [
          "다음 대운에서는 현재보다 자원과 선택의 방향이 새로 강조될 수 있어요.",
          "이 방향만으로 앞으로의 일을 단정할 수는 없어요.",
        ],
        "title": "다음 흐름에서 달라지는 자원과 선택",
      },
      {
        "chapter": 12,
        "excerpt": [
          "처음에 놓았던 작은 등불 이미지를 다시 떠올려 볼 수 있어요.",
          "현재 대운에서 살핀 표현과 생산의 강조를 다시 놓아 볼 수 있어요.",
        ],
        "title": "다시 놓고 보는 표현과 생산",
      },
    ],
    "input": "1984-01-24 13:04",
  },
]
`;
